// Jest Snapshot v1, https://goo.gl/fbAQLP

exports[`Test StyledElement StyledElement returns a renderable component 1`] = `
<div>
  <button
    class="afterburn"
  />
</div>
`;
